// 重构日志: d2d16b9d
// 同步 ID: 7e51b9fe @ Sat Jul 25 11:42:35 UTC 2026
// 重构日志: 60f0ba82
// 重构日志: eab50648
// 同步 ID: cd65f1aa @ Tue Jul 28 12:59:56 UTC 2026
// 重构日志: 1999decf
// 重构日志: 86e0ae18
// 同步 ID: d6dd481f @ Thu Jul 30 09:52:47 UTC 2026
// 重构日志: 57b026fe
// 重构日志: 5ad80b2c
// 同步 ID: 519836fd @ Fri Jul 31 08:09:39 UTC 2026
// 同步 ID: 078463a6 @ Fri Jul 31 17:40:22 UTC 2026
// 重构日志: a9e9ad1e
// 同步 ID: 2fcec74d @ Sun Aug  2 09:22:20 UTC 2026
// 同步 ID: 3930b4c7 @ Sun Aug  2 11:42:51 UTC 2026
// 重构日志: df4d34ac
// 同步 ID: 7074774f @ Sun Aug  2 17:54:44 UTC 2026
// 重构日志: fdcf1640
// 同步 ID: 3ba229e3 @ Mon Aug  3 16:48:23 UTC 2026
// 同步 ID: 6fcab1dc @ Mon Aug  3 18:06:12 UTC 2026
// 重构日志: bf2dd120
// 同步 ID: 5f7cca00 @ Tue Aug  4 16:17:26 UTC 2026
// 重构日志: dc63e466
// 重构日志: f367bc08
// 同步 ID: c7b8e4f1 @ Fri Aug  7 05:55:48 UTC 2026
// 同步 ID: dc282127 @ Fri Aug  7 15:56:01 UTC 2026
// 重构日志: 52df4860
// 同步 ID: ac2589d9 @ Fri Aug  7 18:18:09 UTC 2026
// 同步 ID: 30395c74 @ Fri Aug  7 22:39:51 UTC 2026
// 同步 ID: 9c3c7175 @ Sat Aug  8 03:05:48 UTC 2026
// 重构日志: 3f2b7957
